\BOOKMARK [1][-]{section.1}{\376\377\000I\000n\000t\000r\000o\000d\000u\000c\000t\000i\000o\000n}{}% 1
\BOOKMARK [1][-]{section.2}{\376\377\000B\000a\000c\000k\000g\000r\000o\000u\000n\000d\000\040\000a\000n\000d\000\040\000R\000e\000l\000a\000t\000e\000d\000\040\000W\000o\000r\000k}{}% 2
\BOOKMARK [2][-]{subsection.2.1}{\376\377\000P\000r\000o\000c\000e\000d\000u\000r\000a\000l\000\040\000C\000o\000n\000t\000e\000n\000t\000\040\000G\000e\000n\000e\000r\000a\000t\000i\000o\000n}{section.2}% 3
\BOOKMARK [2][-]{subsection.2.2}{\376\377\000M\000a\000r\000i\000o\000\040\000A\000I\000\040\000F\000r\000a\000m\000e\000w\000o\000r\000k}{section.2}% 4
\BOOKMARK [2][-]{subsection.2.3}{\376\377\000H\000u\000m\000a\000n\000\040\000E\000v\000a\000l\000u\000a\000t\000i\000o\000n\000\040\000i\000n\000\040\000P\000C\000G}{section.2}% 5
\BOOKMARK [2][-]{subsection.2.4}{\376\377\000R\000a\000t\000i\000n\000g\000\040\000S\000y\000s\000t\000e\000m\000s\000\040\000f\000o\000r\000\040\000P\000a\000i\000r\000w\000i\000s\000e\000\040\000C\000o\000m\000p\000a\000r\000i\000s\000o\000n\000s}{section.2}% 6
\BOOKMARK [1][-]{section.3}{\376\377\000S\000y\000s\000t\000e\000m\000\040\000A\000r\000c\000h\000i\000t\000e\000c\000t\000u\000r\000e}{}% 7
\BOOKMARK [2][-]{subsection.3.1}{\376\377\000H\000i\000g\000h\000-\000L\000e\000v\000e\000l\000\040\000O\000v\000e\000r\000v\000i\000e\000w}{section.3}% 8
\BOOKMARK [2][-]{subsection.3.2}{\376\377\000B\000a\000c\000k\000e\000n\000d\000\040\000A\000r\000c\000h\000i\000t\000e\000c\000t\000u\000r\000e}{section.3}% 9
\BOOKMARK [2][-]{subsection.3.3}{\376\377\000F\000r\000o\000n\000t\000e\000n\000d\000\040\000A\000r\000c\000h\000i\000t\000e\000c\000t\000u\000r\000e}{section.3}% 10
\BOOKMARK [2][-]{subsection.3.4}{\376\377\000D\000a\000t\000a\000b\000a\000s\000e\000\040\000D\000e\000s\000i\000g\000n}{section.3}% 11
\BOOKMARK [1][-]{section.4}{\376\377\000G\000a\000m\000e\000\040\000E\000n\000g\000i\000n\000e\000\040\000I\000m\000p\000l\000e\000m\000e\000n\000t\000a\000t\000i\000o\000n}{}% 12
\BOOKMARK [2][-]{subsection.4.1}{\376\377\000T\000y\000p\000e\000S\000c\000r\000i\000p\000t\000\040\000P\000o\000r\000t\000\040\000f\000r\000o\000m\000\040\000J\000a\000v\000a}{section.4}% 13
\BOOKMARK [2][-]{subsection.4.2}{\376\377\000P\000h\000y\000s\000i\000c\000s\000\040\000a\000n\000d\000\040\000G\000a\000m\000e\000p\000l\000a\000y}{section.4}% 14
\BOOKMARK [2][-]{subsection.4.3}{\376\377\000L\000e\000v\000e\000l\000\040\000F\000o\000r\000m\000a\000t\000\040\000a\000n\000d\000\040\000P\000a\000r\000s\000i\000n\000g}{section.4}% 15
\BOOKMARK [1][-]{section.5}{\376\377\000B\000a\000t\000t\000l\000e\000\040\000a\000n\000d\000\040\000V\000o\000t\000i\000n\000g\000\040\000S\000y\000s\000t\000e\000m}{}% 16
\BOOKMARK [2][-]{subsection.5.1}{\376\377\000B\000a\000t\000t\000l\000e\000\040\000F\000l\000o\000w}{section.5}% 17
\BOOKMARK [2][-]{subsection.5.2}{\376\377\000V\000o\000t\000i\000n\000g\000\040\000I\000n\000t\000e\000r\000f\000a\000c\000e}{section.5}% 18
\BOOKMARK [2][-]{subsection.5.3}{\376\377\000T\000a\000g\000g\000i\000n\000g\000\040\000S\000y\000s\000t\000e\000m}{section.5}% 19
\BOOKMARK [1][-]{section.6}{\376\377\000M\000a\000t\000c\000h\000m\000a\000k\000i\000n\000g\000\040\000A\000l\000g\000o\000r\000i\000t\000h\000m}{}% 20
\BOOKMARK [2][-]{subsection.6.1}{\376\377\000P\000r\000o\000b\000l\000e\000m\000\040\000D\000e\000f\000i\000n\000i\000t\000i\000o\000n}{section.6}% 21
\BOOKMARK [2][-]{subsection.6.2}{\376\377\000A\000G\000I\000S\000:\000\040\000A\000d\000a\000p\000t\000i\000v\000e\000\040\000G\000l\000i\000c\000k\000o\000-\000I\000n\000f\000o\000r\000m\000e\000d\000\040\000S\000e\000l\000e\000c\000t\000i\000o\000n}{section.6}% 22
\BOOKMARK [2][-]{subsection.6.3}{\376\377\000G\000e\000n\000e\000r\000a\000t\000o\000r\000\040\000S\000e\000l\000e\000c\000t\000i\000o\000n\000\040\000W\000e\000i\000g\000h\000t\000s}{section.6}% 23
\BOOKMARK [1][-]{section.7}{\376\377\000R\000a\000t\000i\000n\000g\000\040\000S\000y\000s\000t\000e\000m}{}% 24
\BOOKMARK [2][-]{subsection.7.1}{\376\377\000G\000l\000i\000c\000k\000o\000-\0002\000\040\000A\000l\000g\000o\000r\000i\000t\000h\000m}{section.7}% 25
\BOOKMARK [2][-]{subsection.7.2}{\376\377\000R\000a\000t\000i\000n\000g\000\040\000U\000p\000d\000a\000t\000e\000s}{section.7}% 26
\BOOKMARK [2][-]{subsection.7.3}{\376\377\000C\000o\000n\000f\000i\000d\000e\000n\000c\000e\000\040\000I\000n\000t\000e\000r\000v\000a\000l\000s}{section.7}% 27
\BOOKMARK [1][-]{section.8}{\376\377\000L\000e\000a\000d\000e\000r\000b\000o\000a\000r\000d\000\040\000a\000n\000d\000\040\000A\000n\000a\000l\000y\000t\000i\000c\000s}{}% 28
\BOOKMARK [2][-]{subsection.8.1}{\376\377\000L\000e\000a\000d\000e\000r\000b\000o\000a\000r\000d\000\040\000D\000i\000s\000p\000l\000a\000y}{section.8}% 29
\BOOKMARK [2][-]{subsection.8.2}{\376\377\000G\000e\000n\000e\000r\000a\000t\000o\000r\000\040\000S\000t\000a\000t\000i\000s\000t\000i\000c\000s}{section.8}% 30
\BOOKMARK [2][-]{subsection.8.3}{\376\377\000C\000o\000n\000f\000u\000s\000i\000o\000n\000\040\000M\000a\000t\000r\000i\000x}{section.8}% 31
\BOOKMARK [1][-]{section.9}{\376\377\000A\000u\000t\000h\000e\000n\000t\000i\000c\000a\000t\000i\000o\000n\000\040\000a\000n\000d\000\040\000U\000s\000e\000r\000\040\000M\000a\000n\000a\000g\000e\000m\000e\000n\000t}{}% 32
\BOOKMARK [2][-]{subsection.9.1}{\376\377\000G\000o\000o\000g\000l\000e\000\040\000O\000A\000u\000t\000h\000\040\000I\000n\000t\000e\000g\000r\000a\000t\000i\000o\000n}{section.9}% 33
\BOOKMARK [2][-]{subsection.9.2}{\376\377\000E\000m\000a\000i\000l\000/\000P\000a\000s\000s\000w\000o\000r\000d\000\040\000A\000u\000t\000h\000e\000n\000t\000i\000c\000a\000t\000i\000o\000n}{section.9}% 34
\BOOKMARK [2][-]{subsection.9.3}{\376\377\000E\000m\000a\000i\000l\000\040\000V\000e\000r\000i\000f\000i\000c\000a\000t\000i\000o\000n\000\040\000w\000i\000t\000h\000\040\000T\000w\000i\000l\000i\000o\000\040\000S\000e\000n\000d\000G\000r\000i\000d}{section.9}% 35
\BOOKMARK [1][-]{section.10}{\376\377\000B\000u\000i\000l\000d\000e\000r\000\040\000P\000r\000o\000f\000i\000l\000e}{}% 36
\BOOKMARK [2][-]{subsection.10.1}{\376\377\000G\000e\000n\000e\000r\000a\000t\000o\000r\000\040\000S\000u\000b\000m\000i\000s\000s\000i\000o\000n}{section.10}% 37
\BOOKMARK [2][-]{subsection.10.2}{\376\377\000L\000e\000v\000e\000l\000\040\000V\000a\000l\000i\000d\000a\000t\000i\000o\000n}{section.10}% 38
\BOOKMARK [2][-]{subsection.10.3}{\376\377\000G\000e\000n\000e\000r\000a\000t\000o\000r\000\040\000M\000a\000n\000a\000g\000e\000m\000e\000n\000t}{section.10}% 39
\BOOKMARK [1][-]{section.11}{\376\377\000A\000d\000m\000i\000n\000\040\000D\000a\000s\000h\000b\000o\000a\000r\000d}{}% 40
\BOOKMARK [2][-]{subsection.11.1}{\376\377\000P\000l\000a\000t\000f\000o\000r\000m\000\040\000O\000v\000e\000r\000v\000i\000e\000w}{section.11}% 41
\BOOKMARK [2][-]{subsection.11.2}{\376\377\000D\000a\000t\000a\000\040\000E\000x\000p\000o\000r\000t}{section.11}% 42
\BOOKMARK [2][-]{subsection.11.3}{\376\377\000R\000e\000s\000e\000a\000r\000c\000h\000\040\000A\000n\000a\000l\000y\000t\000i\000c\000s}{section.11}% 43
\BOOKMARK [1][-]{section.12}{\376\377\000D\000e\000p\000l\000o\000y\000m\000e\000n\000t\000\040\000a\000n\000d\000\040\000I\000n\000f\000r\000a\000s\000t\000r\000u\000c\000t\000u\000r\000e}{}% 44
\BOOKMARK [2][-]{subsection.12.1}{\376\377\000G\000o\000o\000g\000l\000e\000\040\000C\000l\000o\000u\000d\000\040\000P\000l\000a\000t\000f\000o\000r\000m\000\040\000S\000e\000t\000u\000p}{section.12}% 45
\BOOKMARK [2][-]{subsection.12.2}{\376\377\000D\000o\000c\000k\000e\000r\000\040\000C\000o\000n\000t\000a\000i\000n\000e\000r\000i\000z\000a\000t\000i\000o\000n}{section.12}% 46
\BOOKMARK [2][-]{subsection.12.3}{\376\377\000D\000o\000m\000a\000i\000n\000\040\000a\000n\000d\000\040\000H\000T\000T\000P\000S\000\040\000C\000o\000n\000f\000i\000g\000u\000r\000a\000t\000i\000o\000n}{section.12}% 47
\BOOKMARK [2][-]{subsection.12.4}{\376\377\000M\000o\000n\000i\000t\000o\000r\000i\000n\000g\000\040\000a\000n\000d\000\040\000A\000l\000e\000r\000t\000s}{section.12}% 48
\BOOKMARK [1][-]{section.13}{\376\377\000R\000e\000s\000u\000l\000t\000s\000\040\000a\000n\000d\000\040\000D\000i\000s\000c\000u\000s\000s\000i\000o\000n}{}% 49
\BOOKMARK [2][-]{subsection.13.1}{\376\377\000D\000a\000t\000a\000s\000e\000t\000\040\000O\000v\000e\000r\000v\000i\000e\000w}{section.13}% 50
\BOOKMARK [2][-]{subsection.13.2}{\376\377\000G\000e\000n\000e\000r\000a\000t\000o\000r\000\040\000R\000a\000n\000k\000i\000n\000g\000s\000\040\000a\000n\000d\000\040\000P\000e\000r\000f\000o\000r\000m\000a\000n\000c\000e}{section.13}% 51
\BOOKMARK [2][-]{subsection.13.3}{\376\377\000R\000Q\0001\000:\000\040\000W\000h\000a\000t\000\040\000M\000a\000k\000e\000s\000\040\000a\000\040\000G\000o\000o\000d\000\040\000G\000e\000n\000e\000r\000a\000t\000o\000r\000?}{section.13}% 52
\BOOKMARK [3][-]{subsubsection.13.3.1}{\376\377\000H\0001\000:\000\040\000O\000p\000t\000i\000m\000i\000z\000e\000d\000\040\000D\000i\000f\000f\000i\000c\000u\000l\000t\000y\000\040\000\050\000F\000l\000o\000w\000\040\000C\000h\000a\000n\000n\000e\000l\000\051}{subsection.13.3}% 53
\BOOKMARK [3][-]{subsubsection.13.3.2}{\376\377\000H\0002\000:\000\040\000S\000t\000r\000u\000c\000t\000u\000r\000a\000l\000\040\000V\000a\000r\000i\000e\000t\000y}{subsection.13.3}% 54
\BOOKMARK [3][-]{subsubsection.13.3.3}{\376\377\000H\0003\000:\000\040\000P\000a\000t\000h\000\040\000F\000r\000e\000e\000d\000o\000m\000\040\000\050\000A\000g\000e\000n\000c\000y\000\051}{subsection.13.3}% 55
\BOOKMARK [2][-]{subsection.13.4}{\376\377\000R\000Q\0002\000:\000\040\000P\000l\000a\000y\000e\000r\000\040\000P\000r\000e\000f\000e\000r\000e\000n\000c\000e\000\040\000C\000o\000n\000s\000i\000s\000t\000e\000n\000c\000y}{section.13}% 56
\BOOKMARK [3][-]{subsubsection.13.4.1}{\376\377\000H\0004\000:\000\040\000P\000r\000e\000f\000e\000r\000e\000n\000c\000e\000\040\000C\000l\000u\000s\000t\000e\000r\000s}{subsection.13.4}% 57
\BOOKMARK [3][-]{subsubsection.13.4.2}{\376\377\000H\0005\000:\000\040\000S\000k\000i\000l\000l\000-\000C\000o\000n\000s\000i\000s\000t\000e\000n\000c\000y\000\040\000R\000e\000l\000a\000t\000i\000o\000n\000s\000h\000i\000p}{subsection.13.4}% 58
\BOOKMARK [2][-]{subsection.13.5}{\376\377\000R\000Q\0003\000:\000\040\000T\000a\000g\000\040\000S\000e\000m\000a\000n\000t\000i\000c\000s}{section.13}% 59
\BOOKMARK [3][-]{subsubsection.13.5.1}{\376\377\000H\0006\000:\000\040\000T\000a\000g\000-\000T\000e\000l\000e\000m\000e\000t\000r\000y\000\040\000C\000o\000r\000r\000e\000s\000p\000o\000n\000d\000e\000n\000c\000e}{subsection.13.5}% 60
\BOOKMARK [3][-]{subsubsection.13.5.2}{\376\377\000H\0007\000:\000\040\000F\000e\000a\000t\000u\000r\000e\000\040\000I\000m\000p\000o\000r\000t\000a\000n\000c\000e\000\040\000f\000o\000r\000\040\000T\000a\000g\000s}{subsection.13.5}% 61
\BOOKMARK [3][-]{subsubsection.13.5.3}{\376\377\000T\000a\000g\000\040\000D\000i\000s\000t\000r\000i\000b\000u\000t\000i\000o\000n\000\040\000a\000n\000d\000\040\000C\000o\000-\000o\000c\000c\000u\000r\000r\000e\000n\000c\000e}{subsection.13.5}% 62
\BOOKMARK [2][-]{subsection.13.6}{\376\377\000T\000r\000a\000j\000e\000c\000t\000o\000r\000y\000\040\000A\000n\000a\000l\000y\000s\000i\000s}{section.13}% 63
\BOOKMARK [2][-]{subsection.13.7}{\376\377\000C\000o\000r\000r\000e\000l\000a\000t\000i\000o\000n\000\040\000S\000t\000r\000u\000c\000t\000u\000r\000e}{section.13}% 64
\BOOKMARK [2][-]{subsection.13.8}{\376\377\000E\000x\000t\000e\000n\000d\000e\000d\000\040\000F\000e\000a\000t\000u\000r\000e\000\040\000A\000n\000a\000l\000y\000s\000i\000s}{section.13}% 65
\BOOKMARK [3][-]{subsubsection.13.8.1}{\376\377\000H\0008\000:\000\040\000E\000n\000e\000m\000y\000\040\000D\000e\000n\000s\000i\000t\000y\000\040\000a\000n\000d\000\040\000H\000a\000z\000a\000r\000d\000\040\000D\000i\000f\000f\000i\000c\000u\000l\000t\000y}{subsection.13.8}% 66
\BOOKMARK [3][-]{subsubsection.13.8.2}{\376\377\000H\0009\000:\000\040\000R\000e\000w\000a\000r\000d\000s\000\040\000a\000n\000d\000\040\000L\000e\000n\000i\000e\000n\000c\000y}{subsection.13.8}% 67
\BOOKMARK [3][-]{subsubsection.13.8.3}{\376\377\000H\0001\0000\000:\000\040\000F\000e\000a\000t\000u\000r\000e\000\040\000I\000m\000p\000o\000r\000t\000a\000n\000c\000e\000\040\000M\000o\000d\000e\000l\000i\000n\000g}{subsection.13.8}% 68
\BOOKMARK [3][-]{subsubsection.13.8.4}{\376\377\000E\000x\000t\000e\000n\000d\000e\000d\000\040\000H\0006\000:\000\040\000T\000a\000g\000\040\000V\000a\000l\000i\000d\000a\000t\000i\000o\000n\000\040\000S\000u\000m\000m\000a\000r\000y}{subsection.13.8}% 69
\BOOKMARK [2][-]{subsection.13.9}{\376\377\000J\000u\000d\000g\000e\000\040\000F\000u\000n\000c\000t\000i\000o\000n\000\040\000E\000x\000p\000e\000r\000i\000m\000e\000n\000t\000s}{section.13}% 70
\BOOKMARK [3][-]{subsubsection.13.9.1}{\376\377\000E\000x\000p\000e\000r\000i\000m\000e\000n\000t\000\040\000A\000:\000\040\000V\000e\000r\000t\000i\000c\000a\000l\000i\000t\000y\000\040\000V\000a\000l\000i\000d\000a\000t\000i\000o\000n}{subsection.13.9}% 71
\BOOKMARK [3][-]{subsubsection.13.9.2}{\376\377\000E\000x\000p\000e\000r\000i\000m\000e\000n\000t\000\040\000B\000:\000\040\000H\000a\000z\000a\000r\000d\000\040\000H\000i\000e\000r\000a\000r\000c\000h\000y}{subsection.13.9}% 72
\BOOKMARK [3][-]{subsubsection.13.9.3}{\376\377\000E\000x\000p\000e\000r\000i\000m\000e\000n\000t\000\040\000C\000:\000\040\000D\000e\000a\000t\000h\000\040\000E\000n\000t\000r\000o\000p\000y\000\040\000T\000e\000s\000t}{subsection.13.9}% 73
\BOOKMARK [3][-]{subsubsection.13.9.4}{\376\377\000E\000x\000p\000e\000r\000i\000m\000e\000n\000t\000\040\000D\000:\000\040\000O\000r\000i\000g\000i\000n\000a\000l\000\040\000C\000e\000n\000t\000r\000o\000i\000d\000\040\000\050\000S\000t\000y\000l\000e\000\040\000M\000a\000t\000c\000h\000i\000n\000g\000\051}{subsection.13.9}% 74
\BOOKMARK [3][-]{subsubsection.13.9.5}{\376\377\000P\000r\000o\000p\000o\000s\000e\000d\000\040\000J\000u\000d\000g\000e\000\040\000F\000u\000n\000c\000t\000i\000o\000n}{subsection.13.9}% 75
\BOOKMARK [2][-]{subsection.13.10}{\376\377\000S\000u\000m\000m\000a\000r\000y\000\040\000o\000f\000\040\000F\000i\000n\000d\000i\000n\000g\000s}{section.13}% 76
\BOOKMARK [2][-]{subsection.13.11}{\376\377\000K\000e\000y\000\040\000I\000n\000s\000i\000g\000h\000t\000s}{section.13}% 77
\BOOKMARK [1][-]{section.14}{\376\377\000M\000a\000r\000i\000o\000-\000D\000P\000O\000:\000\040\000T\000o\000w\000a\000r\000d\000\040\000S\000O\000T\000A\000\040\000L\000e\000v\000e\000l\000\040\000G\000e\000n\000e\000r\000a\000t\000i\000o\000n}{}% 78
\BOOKMARK [2][-]{subsection.14.1}{\376\377\000F\000r\000a\000m\000e\000w\000o\000r\000k\000\040\000A\000r\000c\000h\000i\000t\000e\000c\000t\000u\000r\000e}{section.14}% 79
\BOOKMARK [2][-]{subsection.14.2}{\376\377\000P\000r\000e\000f\000e\000r\000e\000n\000c\000e\000\040\000D\000a\000t\000a\000s\000e\000t\000\040\000A\000n\000a\000l\000y\000s\000i\000s}{section.14}% 80
\BOOKMARK [2][-]{subsection.14.3}{\376\377\000J\000u\000d\000g\000e\000\040\000F\000u\000n\000c\000t\000i\000o\000n\000\040\000V\000a\000l\000i\000d\000a\000t\000i\000o\000n}{section.14}% 81
\BOOKMARK [2][-]{subsection.14.4}{\376\377\000L\000e\000v\000e\000l\000\040\000C\000o\000r\000p\000u\000s\000\040\000S\000t\000a\000t\000i\000s\000t\000i\000c\000s}{section.14}% 82
\BOOKMARK [2][-]{subsection.14.5}{\376\377\000P\000r\000o\000p\000o\000s\000e\000d\000\040\000T\000r\000a\000i\000n\000i\000n\000g\000\040\000C\000o\000n\000f\000i\000g\000u\000r\000a\000t\000i\000o\000n}{section.14}% 83
\BOOKMARK [2][-]{subsection.14.6}{\376\377\000E\000x\000p\000e\000c\000t\000e\000d\000\040\000O\000u\000t\000c\000o\000m\000e\000s}{section.14}% 84
\BOOKMARK [1][-]{section.15}{\376\377\000C\000o\000n\000c\000l\000u\000s\000i\000o\000n\000s\000\040\000a\000n\000d\000\040\000F\000u\000t\000u\000r\000e\000\040\000W\000o\000r\000k}{}% 85
\BOOKMARK [2][-]{subsection.15.1}{\376\377\000S\000u\000m\000m\000a\000r\000y\000\040\000o\000f\000\040\000C\000o\000n\000t\000r\000i\000b\000u\000t\000i\000o\000n\000s}{section.15}% 86
\BOOKMARK [2][-]{subsection.15.2}{\376\377\000L\000i\000m\000i\000t\000a\000t\000i\000o\000n\000s}{section.15}% 87
\BOOKMARK [2][-]{subsection.15.3}{\376\377\000F\000u\000t\000u\000r\000e\000\040\000D\000i\000r\000e\000c\000t\000i\000o\000n\000s}{section.15}% 88
